15:00:03 **** Incremental Build of configuration Debug for project lab1 ****
make -j12 all 
arm-none-eabi-size   lab1.elf 
arm-none-eabi-objdump -h -S  lab1.elf  > "lab1.list"
arm-none-eabi-objcopy  -O ihex  lab1.elf  "lab1.hex"
arm-none-eabi-objcopy  -O binary  lab1.elf  "lab1.bin"
   text	   data	    bss	    dec	    hex	filename
   4624	     20	   1572	   6216	   1848	lab1.elf
Finished building: default.size.stdout
 
Finished building: lab1.bin
Finished building: lab1.hex
 
Finished building: lab1.list
 
 

15:00:03 Build Finished. 0 errors, 0 warnings. (took 578ms)

