2025-09-22 14:45:33,690 [INFO] Activator:177 - 


2025-09-22 14:45:33,706 [INFO] Activator:178 - !SESSION log4j initialized
2025-09-22 14:45:46,317 [INFO] McuFinderGlobals:39 - Set McuFinder mode to 2 (CubeIDE integrated)
2025-09-22 14:45:46,411 [INFO] ApplicationProperties:181 - Using Application install path: D:\251\vxl\cube\STM32CubeIDE_1.7.0\STM32CubeIDE\plugins\com.st.stm32cube.common.mx_6.3.0.202107141111
2025-09-22 14:45:46,427 [INFO] DbMcusXml:74 - Set database path to: D:\251\vxl\cube\STM32CubeIDE_1.7.0\STM32CubeIDE\plugins\com.st.stm32cube.common.mx_6.3.0.202107141111\\db\/mcu/
2025-09-22 14:45:46,427 [INFO] DbBoardsPdsc:56 - Set plugin database path to: D:\251\vxl\cube\STM32CubeIDE_1.7.0\STM32CubeIDE\plugins\com.st.stm32cube.common.mx_6.3.0.202107141111\\db\/plugins/boardmanager/
2025-09-22 14:45:46,427 [INFO] DbMcus:258 - Set plugin images path to: D:\251\vxl\cube\STM32CubeIDE_1.7.0\STM32CubeIDE\plugins\com.st.stm32cube.common.mx_6.3.0.202107141111\\db\/plugins/mcufinder/images/
2025-09-22 14:45:46,427 [INFO] DbBoards:264 - Set plugin images path to: D:\251\vxl\cube\STM32CubeIDE_1.7.0\STM32CubeIDE\plugins\com.st.stm32cube.common.mx_6.3.0.202107141111\\db\/plugins/mcufinder/images/
2025-09-22 14:45:46,427 [INFO] DbExamples:333 - Set plugin images path to: D:\251\vxl\cube\STM32CubeIDE_1.7.0\STM32CubeIDE\plugins\com.st.stm32cube.common.mx_6.3.0.202107141111\\db\/plugins/mcufinder/images/
2025-09-22 14:45:46,442 [INFO] DbMcusAds:119 - Set database path to: C:\Users\DELL\.stmcufinder\plugins\mcufinder//mcu/
2025-09-22 14:45:46,442 [INFO] DbMcusDocs:110 - Set database path to: C:\Users\DELL\.stmcufinder\plugins\mcufinder//mcu/
2025-09-22 14:45:46,442 [INFO] DbMcusJson:64 - Set database path to: C:\Users\DELL\.stmcufinder\plugins\mcufinder//mcu/
2025-09-22 14:45:46,442 [INFO] DbBoardsDocs:110 - Set database path to: C:\Users\DELL\.stmcufinder\plugins\mcufinder//mcu/
2025-09-22 14:45:46,442 [INFO] DbBoardsJson:57 - Set database path to: C:\Users\DELL\.stmcufinder\plugins\mcufinder//mcu/
2025-09-22 14:45:46,458 [INFO] CrossReferenceDbSqlite:196 - Set database path to: C:\Users\DELL\.stmcufinder\plugins\mcufinder//mcu/cs/
2025-09-22 14:45:46,473 [INFO] DbExamplesSqlite:767 - Set database path to: C:\Users\DELL\.stmcufinder\plugins\mcufinder//mcu/
2025-09-22 14:45:46,536 [INFO] RulesReader:57 - Compatibility file has been processed (242 Rules)
2025-09-22 14:45:46,618 [INFO] DbMcusXml:74 - Set database path to: D:\251\vxl\cube\STM32CubeIDE_1.7.0\STM32CubeIDE\plugins\com.st.stm32cube.common.mx_6.3.0.202107141111\\db\/mcu/
2025-09-22 14:45:46,618 [INFO] DbBoardsPdsc:56 - Set plugin database path to: D:\251\vxl\cube\STM32CubeIDE_1.7.0\STM32CubeIDE\plugins\com.st.stm32cube.common.mx_6.3.0.202107141111\\db\/plugins/boardmanager/
2025-09-22 14:45:46,618 [INFO] DbMcus:258 - Set plugin images path to: D:\251\vxl\cube\STM32CubeIDE_1.7.0\STM32CubeIDE\plugins\com.st.stm32cube.common.mx_6.3.0.202107141111\\db\/plugins/mcufinder/images/
2025-09-22 14:45:46,618 [INFO] DbBoards:264 - Set plugin images path to: D:\251\vxl\cube\STM32CubeIDE_1.7.0\STM32CubeIDE\plugins\com.st.stm32cube.common.mx_6.3.0.202107141111\\db\/plugins/mcufinder/images/
2025-09-22 14:45:46,618 [INFO] DbExamples:333 - Set plugin images path to: D:\251\vxl\cube\STM32CubeIDE_1.7.0\STM32CubeIDE\plugins\com.st.stm32cube.common.mx_6.3.0.202107141111\\db\/plugins/mcufinder/images/
2025-09-22 14:45:46,618 [WARN] DbFile:35 - Overriding database path with different value: C:\Users\DELL\.stmcufinder\plugins\mcufinder/ => C:\Users\DELL\.stmcufinder\plugins\mcufinder
2025-09-22 14:45:46,618 [INFO] DbMcusAds:119 - Set database path to: C:\Users\DELL\.stmcufinder\plugins\mcufinder//mcu/
2025-09-22 14:45:46,618 [WARN] DbFile:35 - Overriding database path with different value: C:\Users\DELL\.stmcufinder\plugins\mcufinder/ => C:\Users\DELL\.stmcufinder\plugins\mcufinder
2025-09-22 14:45:46,618 [INFO] DbMcusDocs:110 - Set database path to: C:\Users\DELL\.stmcufinder\plugins\mcufinder//mcu/
2025-09-22 14:45:46,618 [WARN] DbFile:35 - Overriding database path with different value: C:\Users\DELL\.stmcufinder\plugins\mcufinder/ => C:\Users\DELL\.stmcufinder\plugins\mcufinder
2025-09-22 14:45:46,618 [INFO] DbMcusJson:64 - Set database path to: C:\Users\DELL\.stmcufinder\plugins\mcufinder//mcu/
2025-09-22 14:45:46,618 [WARN] DbFile:35 - Overriding database path with different value: C:\Users\DELL\.stmcufinder\plugins\mcufinder/ => C:\Users\DELL\.stmcufinder\plugins\mcufinder
2025-09-22 14:45:46,618 [INFO] DbBoardsDocs:110 - Set database path to: C:\Users\DELL\.stmcufinder\plugins\mcufinder//mcu/
2025-09-22 14:45:46,618 [WARN] DbFile:35 - Overriding database path with different value: C:\Users\DELL\.stmcufinder\plugins\mcufinder/ => C:\Users\DELL\.stmcufinder\plugins\mcufinder
2025-09-22 14:45:46,618 [INFO] DbBoardsJson:57 - Set database path to: C:\Users\DELL\.stmcufinder\plugins\mcufinder//mcu/
2025-09-22 14:45:46,618 [WARN] DbFile:35 - Overriding database path with different value: C:\Users\DELL\.stmcufinder\plugins\mcufinder/ => C:\Users\DELL\.stmcufinder\plugins\mcufinder
2025-09-22 14:45:46,618 [WARN] DbFile:35 - Overriding database path with different value: C:\Users\DELL\.stmcufinder\plugins\mcufinder/ => C:\Users\DELL\.stmcufinder\plugins\mcufinder
2025-09-22 14:45:46,618 [INFO] CrossReferenceDbSqlite:196 - Set database path to: C:\Users\DELL\.stmcufinder\plugins\mcufinder//mcu/cs/
2025-09-22 14:45:46,618 [WARN] DbFile:35 - Overriding database path with different value: C:\Users\DELL\.stmcufinder\plugins\mcufinder/ => C:\Users\DELL\.stmcufinder\plugins\mcufinder
2025-09-22 14:45:46,618 [INFO] DbExamplesSqlite:767 - Set database path to: C:\Users\DELL\.stmcufinder\plugins\mcufinder//mcu/
2025-09-22 14:45:46,665 [INFO] MainPanel:214 - HeapMemory: 268435456
2025-09-22 14:45:46,712 [INFO] DbMcusXml:74 - Set database path to: D:\251\vxl\cube\STM32CubeIDE_1.7.0\STM32CubeIDE\plugins\com.st.stm32cube.common.mx_6.3.0.202107141111\\db\/mcu/
2025-09-22 14:45:46,712 [INFO] DbBoardsPdsc:56 - Set plugin database path to: D:\251\vxl\cube\STM32CubeIDE_1.7.0\STM32CubeIDE\plugins\com.st.stm32cube.common.mx_6.3.0.202107141111\\db\/plugins/boardmanager/
2025-09-22 14:45:46,712 [INFO] DbMcus:258 - Set plugin images path to: D:\251\vxl\cube\STM32CubeIDE_1.7.0\STM32CubeIDE\plugins\com.st.stm32cube.common.mx_6.3.0.202107141111\\db\/plugins/mcufinder/images/
2025-09-22 14:45:46,712 [INFO] DbBoards:264 - Set plugin images path to: D:\251\vxl\cube\STM32CubeIDE_1.7.0\STM32CubeIDE\plugins\com.st.stm32cube.common.mx_6.3.0.202107141111\\db\/plugins/mcufinder/images/
2025-09-22 14:45:46,728 [INFO] DbExamples:333 - Set plugin images path to: D:\251\vxl\cube\STM32CubeIDE_1.7.0\STM32CubeIDE\plugins\com.st.stm32cube.common.mx_6.3.0.202107141111\\db\/plugins/mcufinder/images/
2025-09-22 14:45:46,728 [WARN] DbFile:35 - Overriding database path with different value: C:\Users\DELL\.stmcufinder\plugins\mcufinder/ => C:\Users\DELL\.stmcufinder\plugins\mcufinder
2025-09-22 14:45:46,728 [INFO] DbMcusAds:119 - Set database path to: C:\Users\DELL\.stmcufinder\plugins\mcufinder//mcu/
2025-09-22 14:45:46,728 [WARN] DbFile:35 - Overriding database path with different value: C:\Users\DELL\.stmcufinder\plugins\mcufinder/ => C:\Users\DELL\.stmcufinder\plugins\mcufinder
2025-09-22 14:45:46,728 [INFO] DbMcusDocs:110 - Set database path to: C:\Users\DELL\.stmcufinder\plugins\mcufinder//mcu/
2025-09-22 14:45:46,728 [WARN] DbFile:35 - Overriding database path with different value: C:\Users\DELL\.stmcufinder\plugins\mcufinder/ => C:\Users\DELL\.stmcufinder\plugins\mcufinder
2025-09-22 14:45:46,728 [INFO] DbMcusJson:64 - Set database path to: C:\Users\DELL\.stmcufinder\plugins\mcufinder//mcu/
2025-09-22 14:45:46,728 [WARN] DbFile:35 - Overriding database path with different value: C:\Users\DELL\.stmcufinder\plugins\mcufinder/ => C:\Users\DELL\.stmcufinder\plugins\mcufinder
2025-09-22 14:45:46,728 [INFO] DbBoardsDocs:110 - Set database path to: C:\Users\DELL\.stmcufinder\plugins\mcufinder//mcu/
2025-09-22 14:45:46,728 [WARN] DbFile:35 - Overriding database path with different value: C:\Users\DELL\.stmcufinder\plugins\mcufinder/ => C:\Users\DELL\.stmcufinder\plugins\mcufinder
2025-09-22 14:45:46,728 [INFO] DbBoardsJson:57 - Set database path to: C:\Users\DELL\.stmcufinder\plugins\mcufinder//mcu/
2025-09-22 14:45:46,728 [WARN] DbFile:35 - Overriding database path with different value: C:\Users\DELL\.stmcufinder\plugins\mcufinder/ => C:\Users\DELL\.stmcufinder\plugins\mcufinder
2025-09-22 14:45:46,728 [WARN] DbFile:35 - Overriding database path with different value: C:\Users\DELL\.stmcufinder\plugins\mcufinder/ => C:\Users\DELL\.stmcufinder\plugins\mcufinder
2025-09-22 14:45:46,728 [INFO] CrossReferenceDbSqlite:196 - Set database path to: C:\Users\DELL\.stmcufinder\plugins\mcufinder//mcu/cs/
2025-09-22 14:45:46,728 [WARN] DbFile:35 - Overriding database path with different value: C:\Users\DELL\.stmcufinder\plugins\mcufinder/ => C:\Users\DELL\.stmcufinder\plugins\mcufinder
2025-09-22 14:45:46,728 [INFO] DbExamplesSqlite:767 - Set database path to: C:\Users\DELL\.stmcufinder\plugins\mcufinder//mcu/
2025-09-22 14:45:46,743 [INFO] ApplicationProperties:181 - Using Application install path: D:\251\vxl\cube\STM32CubeIDE_1.7.0\STM32CubeIDE\plugins\com.st.stm32cube.common.mx_6.3.0.202107141111
2025-09-22 14:45:46,743 [INFO] PluginManage:188 - Search for loadable plugins [exclusion list=, ]
2025-09-22 14:45:46,743 [INFO] PluginManage:302 - Check plugin analytics
2025-09-22 14:45:46,853 [INFO] AnalyticsPlugin:257 - Accepted Software Licenses: 
2025-09-22 14:45:46,853 [INFO] AnalyticsPlugin:259 - Accepted CMSIS Pack Licenses: 
2025-09-22 14:45:46,853 [INFO] AnalyticsPlugin:261 - Accepted Firmware Licenses: 
2025-09-22 14:45:46,853 [INFO] PluginManage:352 - Loaded plugin analytics (category:tool,tabindex:-1)
2025-09-22 14:45:46,853 [INFO] PluginManage:302 - Check plugin clock
2025-09-22 14:45:46,868 [INFO] PluginManage:352 - Loaded plugin clock (category:base,tabindex:2)
2025-09-22 14:45:46,868 [INFO] PluginManage:302 - Check plugin ddr
2025-09-22 14:45:46,868 [INFO] PluginManage:352 - Loaded plugin ddr (category:tool,tabindex:6)
2025-09-22 14:45:46,868 [INFO] PluginManage:302 - Check plugin filemanager
2025-09-22 14:45:46,962 [INFO] PluginManage:352 - Loaded plugin filemanager (category:base,tabindex:10)
2025-09-22 14:45:46,962 [INFO] PluginManage:302 - Check plugin ipmanager
2025-09-22 14:45:46,962 [INFO] PluginManage:352 - Loaded plugin ipmanager (category:base,tabindex:5)
2025-09-22 14:45:46,962 [INFO] PluginManage:302 - Check plugin pinoutandconfiguration
2025-09-22 14:45:46,978 [INFO] PluginManage:352 - Loaded plugin pinoutandconfiguration (category:base,tabindex:1)
2025-09-22 14:45:46,978 [INFO] PluginManage:302 - Check plugin pinoutconfig
2025-09-22 14:45:46,993 [INFO] PluginManage:352 - Loaded plugin pinoutconfig (category:base,tabindex:0)
2025-09-22 14:45:46,993 [INFO] PluginManage:302 - Check plugin power
2025-09-22 14:45:46,993 [INFO] PluginManage:352 - Loaded plugin power (category:power,tabindex:4)
2025-09-22 14:45:46,993 [INFO] PluginManage:302 - Check plugin projectmanager
2025-09-22 14:45:47,009 [INFO] PluginManage:352 - Loaded plugin projectmanager (category:projectmanager,tabindex:3)
2025-09-22 14:45:47,009 [INFO] PluginManage:302 - Check plugin thirdparty
2025-09-22 14:45:47,118 [WARN] IntegrityCheckThread:78 - waiting for thirdparty lock release [integrity check]
2025-09-22 14:45:47,118 [INFO] IntegrityCheckThread:80 - entering critical section [integrity check]
2025-09-22 14:45:47,118 [INFO] PluginManage:352 - Loaded plugin thirdparty (category:base,tabindex:-1)
2025-09-22 14:45:47,118 [INFO] PluginManage:302 - Check plugin tools
2025-09-22 14:45:47,118 [INFO] ThirdPartyUpdaterWithRetryManager:66 - Updater plugin not ready yet. [1/15]
2025-09-22 14:45:47,118 [INFO] PluginManage:352 - Loaded plugin tools (category:base,tabindex:7)
2025-09-22 14:45:47,118 [INFO] PluginManage:302 - Check plugin tutovideos
2025-09-22 14:45:47,281 [INFO] PluginManage:352 - Loaded plugin tutovideos (category:base,tabindex:-1)
2025-09-22 14:45:47,281 [INFO] PluginManage:302 - Check plugin updater
2025-09-22 14:45:47,281 [INFO] PluginManage:352 - Loaded plugin updater (category:base,tabindex:12)
2025-09-22 14:45:47,281 [INFO] PluginManage:275 - PluginManage : Loaded plugins [13]
2025-09-22 14:45:47,433 [INFO] PinOutPanel:1463 - setPackage(No Configuration,No Configuration)
2025-09-22 14:45:47,511 [INFO] IPUIPlugin:74 - create IPUIPlugin
2025-09-22 14:45:47,511 [INFO] PluginManager:213 - loadIPPluginJar : add adc
2025-09-22 14:45:47,511 [INFO] IPUIPlugin:74 - create IPUIPlugin
2025-09-22 14:45:47,511 [INFO] PluginManager:213 - loadIPPluginJar : add aes
2025-09-22 14:45:47,511 [INFO] IPUIPlugin:74 - create IPUIPlugin
2025-09-22 14:45:47,511 [INFO] PluginManager:213 - loadIPPluginJar : add can
2025-09-22 14:45:47,511 [INFO] IPUIPlugin:74 - create IPUIPlugin
2025-09-22 14:45:47,511 [INFO] PluginManager:213 - loadIPPluginJar : add comp
2025-09-22 14:45:47,511 [INFO] IPUIPlugin:74 - create IPUIPlugin
2025-09-22 14:45:47,511 [INFO] PluginManager:213 - loadIPPluginJar : add cryp
2025-09-22 14:45:47,511 [INFO] IPUIPlugin:74 - create IPUIPlugin
2025-09-22 14:45:47,511 [INFO] PluginManager:213 - loadIPPluginJar : add dfsdm
2025-09-22 14:45:47,526 [INFO] IPUIPlugin:74 - create IPUIPlugin
2025-09-22 14:45:47,526 [INFO] PluginManager:213 - loadIPPluginJar : add dma
2025-09-22 14:45:47,526 [INFO] IPUIPlugin:74 - create IPUIPlugin
2025-09-22 14:45:47,526 [INFO] PluginManager:213 - loadIPPluginJar : add dma3
2025-09-22 14:45:47,526 [INFO] IPUIPlugin:74 - create IPUIPlugin
2025-09-22 14:45:47,526 [INFO] PluginManager:213 - loadIPPluginJar : add fatfs
2025-09-22 14:45:47,526 [INFO] IPUIPlugin:74 - create IPUIPlugin
2025-09-22 14:45:47,526 [INFO] PluginManager:213 - loadIPPluginJar : add fmc
2025-09-22 14:45:47,526 [INFO] IPUIPlugin:74 - create IPUIPlugin
2025-09-22 14:45:47,526 [INFO] PluginManager:213 - loadIPPluginJar : add freertos
2025-09-22 14:45:47,526 [INFO] IPUIPlugin:74 - create IPUIPlugin
2025-09-22 14:45:47,526 [INFO] PluginManager:213 - loadIPPluginJar : add genericplugin
2025-09-22 14:45:47,542 [INFO] IPUIPlugin:74 - create IPUIPlugin
2025-09-22 14:45:47,542 [INFO] PluginManager:213 - loadIPPluginJar : add gfxmmu
2025-09-22 14:45:47,542 [INFO] IPUIPlugin:74 - create IPUIPlugin
2025-09-22 14:45:47,542 [INFO] PluginManager:213 - loadIPPluginJar : add gic
2025-09-22 14:45:47,542 [INFO] IPUIPlugin:74 - create IPUIPlugin
2025-09-22 14:45:47,542 [INFO] PluginManager:213 - loadIPPluginJar : add gpio
2025-09-22 14:45:47,542 [INFO] IPUIPlugin:74 - create IPUIPlugin
2025-09-22 14:45:47,542 [INFO] PluginManager:213 - loadIPPluginJar : add gtzc
2025-09-22 14:45:47,542 [INFO] IPUIPlugin:74 - create IPUIPlugin
2025-09-22 14:45:47,542 [INFO] PluginManager:213 - loadIPPluginJar : add hash
2025-09-22 14:45:47,542 [INFO] IPUIPlugin:74 - create IPUIPlugin
2025-09-22 14:45:47,542 [INFO] PluginManager:213 - loadIPPluginJar : add i2c
2025-09-22 14:45:47,558 [INFO] IPUIPlugin:74 - create IPUIPlugin
2025-09-22 14:45:47,558 [INFO] PluginManager:213 - loadIPPluginJar : add i2s
2025-09-22 14:45:47,558 [INFO] IPUIPlugin:74 - create IPUIPlugin
2025-09-22 14:45:47,558 [INFO] PluginManager:213 - loadIPPluginJar : add ipddr
2025-09-22 14:45:47,558 [INFO] IPUIPlugin:74 - create IPUIPlugin
2025-09-22 14:45:47,558 [INFO] PluginManager:213 - loadIPPluginJar : add linkedlist
2025-09-22 14:45:47,558 [INFO] IPUIPlugin:74 - create IPUIPlugin
2025-09-22 14:45:47,558 [INFO] PluginManager:213 - loadIPPluginJar : add lorawan
2025-09-22 14:45:47,558 [INFO] IPUIPlugin:74 - create IPUIPlugin
2025-09-22 14:45:47,558 [INFO] PluginManager:213 - loadIPPluginJar : add ltdc
2025-09-22 14:45:47,558 [INFO] IPUIPlugin:74 - create IPUIPlugin
2025-09-22 14:45:47,558 [INFO] PluginManager:213 - loadIPPluginJar : add mdma
2025-09-22 14:45:47,573 [INFO] IPUIPlugin:74 - create IPUIPlugin
2025-09-22 14:45:47,573 [INFO] PluginManager:213 - loadIPPluginJar : add nvic
2025-09-22 14:45:47,573 [INFO] IPUIPlugin:74 - create IPUIPlugin
2025-09-22 14:45:47,573 [INFO] PluginManager:213 - loadIPPluginJar : add opamp
2025-09-22 14:45:47,573 [INFO] IPUIPlugin:74 - create IPUIPlugin
2025-09-22 14:45:47,573 [INFO] PluginManager:213 - loadIPPluginJar : add openamp
2025-09-22 14:45:47,573 [INFO] IPUIPlugin:74 - create IPUIPlugin
2025-09-22 14:45:47,573 [INFO] PluginManager:213 - loadIPPluginJar : add pdm2pcm
2025-09-22 14:45:47,573 [INFO] IPUIPlugin:74 - create IPUIPlugin
2025-09-22 14:45:47,589 [INFO] PluginManager:213 - loadIPPluginJar : add plateformsettings
2025-09-22 14:45:47,589 [INFO] IPUIPlugin:74 - create IPUIPlugin
2025-09-22 14:45:47,589 [INFO] PluginManager:213 - loadIPPluginJar : add quadspi
2025-09-22 14:45:47,589 [INFO] IPUIPlugin:74 - create IPUIPlugin
2025-09-22 14:45:47,589 [INFO] PluginManager:213 - loadIPPluginJar : add resmgrutility
2025-09-22 14:45:47,589 [INFO] IPUIPlugin:74 - create IPUIPlugin
2025-09-22 14:45:47,589 [INFO] PluginManager:213 - loadIPPluginJar : add sai
2025-09-22 14:45:47,589 [INFO] IPUIPlugin:74 - create IPUIPlugin
2025-09-22 14:45:47,589 [INFO] PluginManager:213 - loadIPPluginJar : add spi
2025-09-22 14:45:47,589 [INFO] IPUIPlugin:74 - create IPUIPlugin
2025-09-22 14:45:47,589 [INFO] PluginManager:213 - loadIPPluginJar : add stm32_wpan
2025-09-22 14:45:47,589 [INFO] IPUIPlugin:74 - create IPUIPlugin
2025-09-22 14:45:47,589 [INFO] PluginManager:213 - loadIPPluginJar : add tim
2025-09-22 14:45:47,604 [INFO] IPUIPlugin:74 - create IPUIPlugin
2025-09-22 14:45:47,604 [INFO] PluginManager:213 - loadIPPluginJar : add touchsensing
2025-09-22 14:45:47,604 [INFO] IPUIPlugin:74 - create IPUIPlugin
2025-09-22 14:45:47,604 [INFO] PluginManager:213 - loadIPPluginJar : add tracer_emb
2025-09-22 14:45:47,604 [INFO] IPUIPlugin:74 - create IPUIPlugin
2025-09-22 14:45:47,604 [INFO] PluginManager:213 - loadIPPluginJar : add ts
2025-09-22 14:45:47,604 [INFO] IPUIPlugin:74 - create IPUIPlugin
2025-09-22 14:45:47,604 [INFO] PluginManager:213 - loadIPPluginJar : add tsc
2025-09-22 14:45:47,604 [INFO] IPUIPlugin:74 - create IPUIPlugin
2025-09-22 14:45:47,604 [INFO] PluginManager:213 - loadIPPluginJar : add ucpd
2025-09-22 14:45:47,604 [INFO] IPUIPlugin:74 - create IPUIPlugin
2025-09-22 14:45:47,604 [INFO] PluginManager:213 - loadIPPluginJar : add usart
2025-09-22 14:45:47,604 [INFO] IPUIPlugin:74 - create IPUIPlugin
2025-09-22 14:45:47,604 [INFO] PluginManager:213 - loadIPPluginJar : add usbx
2025-09-22 14:45:47,912 [FATAL] Updater:294 - Updater called before beeing initialized
2025-09-22 14:45:47,990 [FATAL] Updater:294 - Updater called before beeing initialized
2025-09-22 14:45:47,990 [INFO] DbMcusAds:47 - JSON generation date=Tue Jul 08 15:14:23 ICT 2025 (1751962463524)
2025-09-22 14:45:47,990 [FATAL] Updater:294 - Updater called before beeing initialized
2025-09-22 14:45:48,022 [WARN] DetailPanel:314 - Failed to get advertising image, set to default
2025-09-22 14:45:48,115 [FATAL] Updater:294 - Updater called before beeing initialized
2025-09-22 14:45:48,115 [FATAL] Updater:294 - Updater called before beeing initialized
2025-09-22 14:45:48,115 [FATAL] Updater:294 - Updater called before beeing initialized
2025-09-22 14:45:48,115 [WARN] DetailPanel:314 - Failed to get advertising image, set to default
2025-09-22 14:45:48,115 [FATAL] Updater:294 - Updater called before beeing initialized
2025-09-22 14:45:48,162 [ERROR] Updater:1075 - MainUpdater not yet initialized. External WinMGr cannot be set.
2025-09-22 14:45:48,162 [INFO] Updater:1012 - Updater Version found : 6.3.0
2025-09-22 14:45:48,178 [INFO] ApplicationProperties:181 - Using Application install path: D:\251\vxl\cube\STM32CubeIDE_1.7.0\STM32CubeIDE\plugins\com.st.stm32cube.common.mx_6.3.0.202107141111
2025-09-22 14:45:48,459 [INFO] MainUpdater:2671 - connection check result : 10
2025-09-22 14:45:48,459 [INFO] MainUpdater:265 - Updater Check For Update Now.
2025-09-22 14:45:48,459 [INFO] MicroXplorer:478 - Change Database Version : DB.6.0.30
2025-09-22 14:45:48,616 [INFO] CheckServerUpdateThread:112 - End of CheckServer Thread
2025-09-22 14:45:48,694 [INFO] MainUpdater:2671 - connection check result : 10
2025-09-22 14:45:48,868 [INFO] McuFinderGlobals:52 - Set McuFinderConnectedMode to false
2025-09-22 14:45:48,951 [INFO] CrossSelectorPresenter:1330 - Cross Selector saved comparison directory: C:\Users\DELL\.stmcufinder\plugins\mcufinder\mcu\cs_comparisons_mx
2025-09-22 14:45:48,951 [INFO] MultiScanPanel:197 - Auto-refresh data requested => check proxy status ongoing
2025-09-22 14:45:48,951 [INFO] MultiScanPanel:201 - Proxy status is invalid
2025-09-22 14:45:48,951 [INFO] FinderPluginLoader:87 - Searching for filters in installed packs
2025-09-22 14:45:48,951 [INFO] DbMcusXml:100 - Load MCU database from D:\251\vxl\cube\STM32CubeIDE_1.7.0\STM32CubeIDE\plugins\com.st.stm32cube.common.mx_6.3.0.202107141111\\db\/mcu/families.xml
2025-09-22 14:45:49,669 [INFO] DbMcusJson:93 - JSON generation date=Tue Nov 16 23:17:54 ICT 2021 (1637079474)
2025-09-22 14:45:50,188 [ERROR] Engine:463 - C:\Users\DELL\.stm32cubemx\thirdparties\pdsc\Avnet-IotConnect.X-CUBE-IoTC-DA16k-PMOD.1.0.0.pdsc: PDSC version is not supported
2025-09-22 14:45:50,188 [ERROR] Engine:463 - C:\Users\DELL\.stm32cubemx\thirdparties\pdsc\WES.I-CUBE-Cesium.1.4.0.pdsc: PDSC version is not supported
2025-09-22 14:45:50,204 [ERROR] Engine:463 - C:\Users\DELL\.stm32cubemx\thirdparties\pdsc\STMicroelectronics.X-CUBE-FREERTOS.1.3.1.pdsc: PDSC version is not supported
2025-09-22 14:45:50,204 [INFO] ThirdParty:915 - Integrity check success = true
2025-09-22 14:45:50,204 [INFO] IntegrityCheckThread:94 - exiting critical section [integrity check]
2025-09-22 14:45:50,204 [INFO] IntegrityCheckThread:97 - End integrity checks thread
2025-09-22 14:45:50,282 [INFO] DbMcus:175 - Found 1951 MCUs (1903 are supported by CubeMX, 1914 are visible in CubeMX)
2025-09-22 14:45:50,282 [INFO] ApiDb:251 - Load user favorites file C:\Users\DELL/.stm32cubeide/favorites.mcus.txt: 0 item(s)
2025-09-22 14:45:50,282 [INFO] ApiDb:255 - User favorites MCUs=[]
2025-09-22 14:45:50,282 [INFO] DbMcus:187 - Set 0 / 0 favorites MCUs
2025-09-22 14:45:50,806 [INFO] DetailPanel:309 - Set advertising image to C:/Users/DELL/STM32Cube/Repository/\en.2400x1350px.jpeg
2025-09-22 14:45:51,164 [INFO] DbBoardsPdsc:90 - Found 25 items
2025-09-22 14:45:51,164 [INFO] DbBoardsPdsc:90 - Found 9 items
2025-09-22 14:45:51,164 [INFO] DbBoardsPdsc:90 - Found 33 items
2025-09-22 14:45:51,164 [INFO] DbBoardsPdsc:90 - Found 1 items
2025-09-22 14:45:51,164 [INFO] DbBoardsPdsc:90 - Found 48 items
2025-09-22 14:45:51,180 [INFO] DbBoardsPdsc:90 - Found 43 items
2025-09-22 14:45:51,180 [INFO] DbBoardsPdsc:90 - Found 2 items
2025-09-22 14:45:51,180 [INFO] DbBoardsPdsc:90 - Found 5 items
2025-09-22 14:45:51,180 [WARN] DbBoardsPdsc:254 - Board STM32H7B3I-DK: unknown feature type=Audio, name=, username=Audio stereo codec with Headphone Amp (CS42L51-CNZ), n=1
2025-09-22 14:45:51,180 [WARN] DbBoardsPdsc:254 - Board STM32H735G-DK: unknown feature type=Audio, name=, username=Audio stereo codec with Headphone Amp (WM8994ECS/R), n=1
2025-09-22 14:45:51,195 [WARN] DbBoardsPdsc:254 - Board STM32H7B3I-EVAL: unknown feature type=Audio, name=, username=Multi-Channel Audio Codec (CS42L51-CNZ), n=1
2025-09-22 14:45:51,195 [WARN] DbBoardsPdsc:254 - Board STM32H7B3I-EVAL: unknown feature type=Meter, name=, username=Power-metering and Temperature-monitoring with sigma-delta modulators, n=1
2025-09-22 14:45:51,195 [WARN] DbBoardsPdsc:254 - Board STM32H7B3I-EVAL: unknown feature type=Motor, name=, username=Motor Control, n=1
2025-09-22 14:45:51,195 [WARN] DbBoardsPdsc:254 - Board STM32U575I-EV: unknown feature type=joystick, name=, username=4-direction joystick with selection button, n=1
2025-09-22 14:45:51,216 [INFO] DbBoardsJson:86 - JSON generation date=Tue Nov 16 23:17:54 ICT 2021 (1637079474)
2025-09-22 14:45:51,217 [INFO] DbBoards:117 - Found 167 boards (163 are supported by CubeMX)
2025-09-22 14:45:51,217 [INFO] DbBoardsDocs:143 - JSON generation date=Tue Nov 16 23:17:54 ICT 2021 (1637079474)
2025-09-22 14:45:51,217 [INFO] DbBoardsDocs:79 - Found 209 boards documents
2025-09-22 14:45:51,217 [WARN] DbBoards:127 - board B-L475E-IOT01A2 has no document id list !
2025-09-22 14:45:51,217 [WARN] DbBoards:127 - board NUCLEO-H743ZI has no document id list !
2025-09-22 14:45:51,217 [WARN] DbBoards:127 - board NUCLEO-WL55JC2 has no document id list !
2025-09-22 14:45:51,217 [WARN] DbBoards:127 - board P-NUCLEO-WB55-Nucleo has no document id list !
2025-09-22 14:45:51,217 [WARN] DbBoards:127 - board P-NUCLEO-WB55-USBDongle has no document id list !
2025-09-22 14:45:51,217 [WARN] DbBoards:127 - board STEVAL-BFA001V1B has no document id list !
2025-09-22 14:45:51,217 [WARN] DbBoards:127 - board STEVAL-BFA001V2B has no document id list !
2025-09-22 14:45:51,217 [WARN] DbBoards:127 - board STEVAL-IDP005V1 has no document id list !
2025-09-22 14:45:51,217 [WARN] DbBoards:127 - board STEVAL-IDP005V2 has no document id list !
2025-09-22 14:45:51,217 [WARN] DbBoards:127 - board STEVAL-MKSBOX1V1 has no document id list !
2025-09-22 14:45:51,217 [WARN] DbBoards:127 - board STEVAL-STWINKT1 has no document id list !
2025-09-22 14:45:51,217 [WARN] DbBoards:127 - board STEVAL-STWINKT1B has no document id list !
2025-09-22 14:45:51,217 [WARN] DbBoards:127 - board STM32439I-EVAL2 has no document id list !
2025-09-22 14:45:51,217 [WARN] DbBoards:127 - board STM32F401C-DISCO has no document id list !
2025-09-22 14:45:51,217 [WARN] DbBoards:127 - board STM32F769I-DISC1 has no document id list !
2025-09-22 14:45:51,217 [WARN] DbBoards:127 - board STM32G474E-EVAL1 has no document id list !
2025-09-22 14:45:51,233 [WARN] DbBoards:127 - board STM32H743I-EVAL2 has no document id list !
2025-09-22 14:45:51,233 [WARN] DbBoards:127 - board STM32H747I-DISC1 has no document id list !
2025-09-22 14:45:51,233 [WARN] DbBoards:127 - board STM32H753I-EVAL2 has no document id list !
2025-09-22 14:45:51,233 [WARN] DbBoards:127 - board STM32L-DISCOVERY has no document id list !
2025-09-22 14:45:51,342 [ERROR] DbBoards:189 - Image file not found for board B-U585I-IOT02A: D:\251\vxl\cube\STM32CubeIDE_1.7.0\STM32CubeIDE\plugins\com.st.stm32cube.common.mx_6.3.0.202107141111\\db\/plugins/mcufinder/images/boards/B-U585I-IOT02A_small.jpg
2025-09-22 14:45:51,436 [ERROR] DbBoards:189 - Image file not found for board NUCLEO-F413ZH: D:\251\vxl\cube\STM32CubeIDE_1.7.0\STM32CubeIDE\plugins\com.st.stm32cube.common.mx_6.3.0.202107141111\\db\/plugins/mcufinder/images/boards/nucleo-f413zh_small.jpg
2025-09-22 14:45:51,639 [ERROR] DbBoards:189 - Image file not found for board NUCLEO-L552ZE-Q: D:\251\vxl\cube\STM32CubeIDE_1.7.0\STM32CubeIDE\plugins\com.st.stm32cube.common.mx_6.3.0.202107141111\\db\/plugins/mcufinder/images/boards/nucleo_l552ze_q_small.jpg
2025-09-22 14:45:51,639 [ERROR] DbBoards:189 - Image file not found for board NUCLEO-U575ZI-Q: D:\251\vxl\cube\STM32CubeIDE_1.7.0\STM32CubeIDE\plugins\com.st.stm32cube.common.mx_6.3.0.202107141111\\db\/plugins/mcufinder/images/boards/nucleo-u575zi-q_small.jpg
2025-09-22 14:45:51,639 [ERROR] DbBoards:189 - Image file not found for board NUCLEO-WB15CC: D:\251\vxl\cube\STM32CubeIDE_1.7.0\STM32CubeIDE\plugins\com.st.stm32cube.common.mx_6.3.0.202107141111\\db\/plugins/mcufinder/images/boards/nucleo-wb15cc_small.jpg
2025-09-22 14:45:51,655 [ERROR] DbBoards:189 - Image file not found for board NUCLEO-WB55RG: D:\251\vxl\cube\STM32CubeIDE_1.7.0\STM32CubeIDE\plugins\com.st.stm32cube.common.mx_6.3.0.202107141111\\db\/plugins/mcufinder/images/boards/nucleo-wb55rg_small.jpg
2025-09-22 14:45:52,762 [INFO] ApiDb:251 - Load user favorites file C:\Users\DELL/.stm32cubeide/favorites.boards.txt: 0 item(s)
2025-09-22 14:45:52,762 [INFO] ApiDb:255 - User favorites Boards=[]
2025-09-22 14:45:52,762 [INFO] DbBoards:206 - Set 0 / 0 favorites Boards
2025-09-22 14:45:59,922 [INFO] DbMcusDocs:143 - JSON generation date=Tue Nov 16 23:17:54 ICT 2021 (1637079474)
2025-09-22 14:46:00,175 [INFO] DbMcusDocs:79 - Found 682 MCUs documents
2025-09-22 14:46:12,194 [INFO] MainUpdater:2671 - connection check result : 10
2025-09-22 14:46:12,194 [INFO] MainUpdater:2671 - connection check result : 10
2025-09-22 14:46:12,226 [INFO] MicroXplorer:448 - Change Database Path : 
2025-09-22 14:46:12,226 [INFO] MicroXplorer:478 - Change Database Version : DB.6.0.30
2025-09-22 14:46:12,226 [WARN] ThirdParty:813 - waiting for thirdparty lock release [close project]
2025-09-22 14:46:12,226 [INFO] ThirdParty:815 - entering critical section [close project]
2025-09-22 14:46:12,226 [INFO] ThirdParty:825 - exiting critical section [close project]
2025-09-22 14:46:12,242 [INFO] PinOutPanel:1463 - setPackage(No Configuration,No Configuration)
2025-09-22 14:46:12,242 [INFO] UtilMem:74 - Begin LoadConfig() Used Memory: 292465936 Bytes (435159040)
2025-09-22 14:46:12,242 [INFO] MicroXplorer:448 - Change Database Path : 
2025-09-22 14:46:12,242 [INFO] MicroXplorer:478 - Change Database Version : DB.6.0.30
2025-09-22 14:46:12,242 [INFO] OpenFileManager:313 - Change cursor
2025-09-22 14:46:12,820 [INFO] Context:592 - Trying to add GPIOservice into a context  which must be forbidden
2025-09-22 14:46:12,961 [INFO] ImportTextPane:167 - (OptionalMessage_ERROR) Unable to find key (Mcu.ThirdPartyNb) in loaded IOC file
2025-09-22 14:46:12,961 [INFO] ImportTextPane:167 - (OptionalMessage_ERROR) Unable to find key (Mcu.PinsNb) in loaded IOC file
2025-09-22 14:46:12,961 [INFO] ImportTextPane:167 - (OptionalMessage_ERROR) Unable to find key (Mcu.IPNb) in loaded IOC file
2025-09-22 14:46:13,009 [INFO] RtosManager:484 - Registered RTOS mode: class=CMSIS, group=RTOS, mode=CMSIS_V1, owner=FREERTOS
2025-09-22 14:46:13,010 [INFO] RtosManager:484 - Registered RTOS mode: class=CMSIS, group=RTOS2, mode=CMSIS_V2, owner=FREERTOS
2025-09-22 14:46:13,010 [INFO] RtosManager:484 - Registered RTOS mode: class=RTOS, group=Core, mode=CMSIS_V1, owner=FREERTOS
2025-09-22 14:46:13,010 [INFO] RtosManager:484 - Registered RTOS mode: class=RTOS, group=Core, mode=CMSIS_V2, owner=FREERTOS
2025-09-22 14:46:13,011 [WARN] ModelIntegratedComponent:181 - Missing modes for component STMicroelectronics:FreeRTOS:0.0.1:STMicroelectronics:RTOS:FreeRTOS:Core:::10.2.0:
2025-09-22 14:46:13,013 [WARN] ModelIntegratedComponent:60 - No mode defined for component null
2025-09-22 14:46:13,013 [WARN] ModelIntegratedComponent:60 - No mode defined for component null
2025-09-22 14:46:13,013 [WARN] ModelIntegratedComponent:60 - No mode defined for component null
2025-09-22 14:46:13,013 [WARN] ModelIntegratedComponent:60 - No mode defined for component null
2025-09-22 14:46:13,013 [WARN] ModelIntegratedComponent:60 - No mode defined for component null
2025-09-22 14:46:13,013 [WARN] ModelIntegratedComponent:60 - No mode defined for component null
2025-09-22 14:46:13,013 [WARN] ModelIntegratedComponent:60 - No mode defined for component null
2025-09-22 14:46:13,013 [WARN] ModelIntegratedComponent:60 - No mode defined for component null
2025-09-22 14:46:13,013 [WARN] ModelIntegratedComponent:60 - No mode defined for component null
2025-09-22 14:46:13,013 [WARN] ModelIntegratedComponent:60 - No mode defined for component null
2025-09-22 14:46:13,013 [WARN] ModelIntegratedComponent:60 - No mode defined for component null
2025-09-22 14:46:13,013 [WARN] ModelIntegratedComponent:60 - No mode defined for component null
2025-09-22 14:46:13,013 [WARN] ModelIntegratedComponent:60 - No mode defined for component null
2025-09-22 14:46:13,013 [WARN] ModelIntegratedComponent:60 - No mode defined for component null
2025-09-22 14:46:13,013 [WARN] ModelIntegratedComponent:60 - No mode defined for component null
2025-09-22 14:46:13,013 [WARN] ModelIntegratedComponent:60 - No mode defined for component null
2025-09-22 14:46:13,013 [WARN] ModelIntegratedComponent:60 - No mode defined for component null
2025-09-22 14:46:13,013 [WARN] ModelIntegratedComponent:60 - No mode defined for component null
2025-09-22 14:46:13,013 [WARN] ModelIntegratedComponent:60 - No mode defined for component null
2025-09-22 14:46:13,013 [WARN] ModelIntegratedComponent:60 - No mode defined for component null
2025-09-22 14:46:13,013 [WARN] ModelIntegratedComponent:60 - No mode defined for component null
2025-09-22 14:46:13,013 [WARN] ModelIntegratedComponent:60 - No mode defined for component null
2025-09-22 14:46:13,013 [WARN] ModelIntegratedComponent:60 - No mode defined for component null
2025-09-22 14:46:13,013 [WARN] ModelIntegratedComponent:60 - No mode defined for component null
2025-09-22 14:46:13,013 [WARN] ModelIntegratedComponent:60 - No mode defined for component null
2025-09-22 14:46:13,013 [WARN] ModelIntegratedComponent:60 - No mode defined for component null
2025-09-22 14:46:13,013 [WARN] ModelIntegratedComponent:60 - No mode defined for component null
2025-09-22 14:46:13,013 [WARN] ModelIntegratedComponent:60 - No mode defined for component null
2025-09-22 14:46:13,013 [WARN] ModelIntegratedComponent:60 - No mode defined for component null
2025-09-22 14:46:13,013 [WARN] ModelIntegratedComponent:60 - No mode defined for component null
2025-09-22 14:46:13,013 [WARN] ModelIntegratedComponent:60 - No mode defined for component null
2025-09-22 14:46:13,107 [INFO] UtilMem:74 - End LoadConfig() Used Memory: 362410752 Bytes (435159040)
2025-09-22 14:46:13,107 [WARN] ThirdParty:779 - waiting for thirdparty lock release [change project]
2025-09-22 14:46:13,107 [INFO] ThirdParty:781 - entering critical section [change project]
2025-09-22 14:46:13,107 [INFO] ThirdParty:967 - CMSIS Pack Vendor :STMicroelectronics USB_HOST 2.0.0
2025-09-22 14:46:13,107 [INFO] ThirdParty:967 - CMSIS Pack Vendor :STMicroelectronics FreeRTOS 0.0.1
2025-09-22 14:46:13,107 [INFO] ThirdParty:967 - CMSIS Pack Vendor :STMicroelectronics USB_DEVICE 1.0.0
2025-09-22 14:46:13,107 [INFO] ThirdParty:967 - CMSIS Pack Vendor :STMicroelectronics USB_DEVICE 3.0.0
2025-09-22 14:46:13,107 [INFO] ThirdParty:967 - CMSIS Pack Vendor :STMicroelectronics HAL Drivers 0.0.0
2025-09-22 14:46:13,107 [INFO] ThirdParty:967 - CMSIS Pack Vendor :STMicroelectronics MBEDTLS 2.16.2
2025-09-22 14:46:13,107 [INFO] ThirdParty:967 - CMSIS Pack Vendor :STMicroelectronics ThreadX 0.0.2
2025-09-22 14:46:13,107 [INFO] ThirdParty:967 - CMSIS Pack Vendor :STMicroelectronics lwIP 2.0.3
2025-09-22 14:46:13,107 [INFO] ThirdParty:967 - CMSIS Pack Vendor :STMicroelectronics lwIP 2.1.2
2025-09-22 14:46:13,107 [INFO] ThirdParty:967 - CMSIS Pack Vendor :STMicroelectronics MBEDTLS 2.14.1
2025-09-22 14:46:13,107 [INFO] ThirdParty:967 - CMSIS Pack Vendor :STMicroelectronics USB_HOST 1.0.0
2025-09-22 14:46:13,107 [INFO] ThirdParty:967 - CMSIS Pack Vendor :STMicroelectronics PDM2PCM 3.1.0
2025-09-22 14:46:13,107 [INFO] ThirdParty:967 - CMSIS Pack Vendor :STMicroelectronics PDM2PCM 3.2.0
2025-09-22 14:46:13,107 [INFO] ThirdParty:967 - CMSIS Pack Vendor :STMicroelectronics USB_DEVICE 2.0.0
2025-09-22 14:46:13,107 [INFO] ThirdParty:967 - CMSIS Pack Vendor :STMicroelectronics PDM2PCM 3.3.0
2025-09-22 14:46:13,107 [INFO] ThirdParty:787 - exiting critical section [change project]
2025-09-22 14:46:13,307 [INFO] PinOutPanel:1463 - setPackage(No Configuration,No Configuration)
2025-09-22 14:46:13,307 [INFO] PinOutPanel:1463 - setPackage(STM32F103C6Ux,UFQFPN48)
2025-09-22 14:46:13,682 [INFO] UtilMem:74 - Before build in PCC Used Memory: 310458688 Bytes (435159040)
2025-09-22 14:46:14,242 [INFO] UtilMem:74 - After build in PCC Used Memory: 329014272 Bytes (435159040)
2025-09-22 14:46:14,258 [INFO] IPUIPlugin:74 - create IPUIPlugin
2025-09-22 14:46:14,258 [INFO] IPUIPlugin:74 - create IPUIPlugin
2025-09-22 14:46:14,258 [INFO] IPUIPlugin:74 - create IPUIPlugin
2025-09-22 14:46:14,258 [INFO] IPUIPlugin:74 - create IPUIPlugin
2025-09-22 14:46:14,258 [INFO] IPUIPlugin:74 - create IPUIPlugin
2025-09-22 14:46:14,258 [INFO] IPUIPlugin:74 - create IPUIPlugin
2025-09-22 14:46:14,273 [INFO] IPUIPlugin:74 - create IPUIPlugin
2025-09-22 14:46:14,273 [INFO] IPUIPlugin:74 - create IPUIPlugin
2025-09-22 14:46:14,273 [INFO] IPUIPlugin:74 - create IPUIPlugin
2025-09-22 14:46:14,273 [INFO] IPUIPlugin:74 - create IPUIPlugin
2025-09-22 14:46:14,273 [INFO] IPUIPlugin:74 - create IPUIPlugin
2025-09-22 14:46:14,273 [INFO] IPUIPlugin:74 - create IPUIPlugin
2025-09-22 14:46:14,273 [INFO] IPUIPlugin:74 - create IPUIPlugin
2025-09-22 14:46:14,273 [INFO] IPUIPlugin:74 - create IPUIPlugin
2025-09-22 14:46:14,273 [INFO] IPUIPlugin:74 - create IPUIPlugin
2025-09-22 14:46:14,273 [INFO] IPUIPlugin:74 - create IPUIPlugin
2025-09-22 14:46:14,273 [INFO] IPUIPlugin:74 - create IPUIPlugin
2025-09-22 14:46:14,273 [INFO] IPUIPlugin:74 - create IPUIPlugin
2025-09-22 14:46:14,273 [INFO] IPUIPlugin:74 - create IPUIPlugin
2025-09-22 14:46:14,273 [INFO] IPUIPlugin:74 - create IPUIPlugin
2025-09-22 14:46:14,273 [INFO] IPUIPlugin:74 - create IPUIPlugin
2025-09-22 14:46:14,273 [INFO] IPUIPlugin:74 - create IPUIPlugin
2025-09-22 14:46:14,273 [INFO] IPUIPlugin:74 - create IPUIPlugin
2025-09-22 14:46:14,405 [INFO] OpenFileManager:333 - Restore cursor
2025-09-22 14:46:14,661 [INFO] UtilMem:74 - End SaveConfig() Used Memory: 309116664 Bytes (435159040)
2025-09-22 14:46:14,864 [INFO] UtilMem:74 - End SaveConfig() Used Memory: 334509992 Bytes (435159040)
2025-09-22 14:46:15,270 [INFO] BlockDiagram:2740 - set Specific Code input for plugin: NVIC
2025-09-22 14:46:15,270 [INFO] BlockDiagram:2740 - set Specific Code input for plugin: SYS
2025-09-22 14:46:15,270 [INFO] BlockDiagram:2740 - set Specific Code input for plugin: RCC
2025-09-22 14:46:15,270 [INFO] CodeGenerator:663 - code generatio: config db path: D:\251\vxl\cube\STM32CubeIDE_1.7.0\STM32CubeIDE\plugins\com.st.stm32cube.common.mx_6.3.0.202107141111\\db\
2025-09-22 14:46:15,560 [INFO] CodeEngine:239 - oldGeneratedFile, D:\251\vxl\gitlab1\code\lab1\MXTmpFiles\license.tmp_save
2025-09-22 14:46:15,862 [INFO] CodeEngine:257 - Generated code: D:\251\vxl\gitlab1\code\lab1\MXTmpFiles\license.tmp
2025-09-22 14:46:15,972 [INFO] CodeEngine:239 - oldGeneratedFile, D:\251\vxl\gitlab1\code\lab1\Core\Src\stm32f1xx_it.c_save
2025-09-22 14:46:16,112 [INFO] CodeEngine:257 - Generated code: D:\251\vxl\gitlab1\code\lab1\Core\Src\stm32f1xx_it.c
2025-09-22 14:46:16,128 [INFO] CodeEngine:239 - oldGeneratedFile, D:\251\vxl\gitlab1\code\lab1\Core\Inc\stm32f1xx_it.h_save
2025-09-22 14:46:16,206 [INFO] CodeEngine:257 - Generated code: D:\251\vxl\gitlab1\code\lab1\Core\Inc\stm32f1xx_it.h
2025-09-22 14:46:16,222 [INFO] CodeEngine:239 - oldGeneratedFile, D:\251\vxl\gitlab1\code\lab1\Core\Src\stm32f1xx_hal_msp.c_save
2025-09-22 14:46:16,416 [INFO] CodeEngine:257 - Generated code: D:\251\vxl\gitlab1\code\lab1\Core\Src\stm32f1xx_hal_msp.c
2025-09-22 14:46:16,416 [INFO] CodeEngine:239 - oldGeneratedFile, D:\251\vxl\gitlab1\code\lab1\MXTmpFiles\system.tmp_save
2025-09-22 14:46:16,519 [INFO] CodeEngine:257 - Generated code: D:\251\vxl\gitlab1\code\lab1\MXTmpFiles\system.tmp
2025-09-22 14:46:16,521 [INFO] CodeEngine:239 - oldGeneratedFile, D:\251\vxl\gitlab1\code\lab1\Core\Inc\stm32f1xx_hal_conf.h_save
2025-09-22 14:46:16,645 [INFO] CodeEngine:257 - Generated code: D:\251\vxl\gitlab1\code\lab1\Core\Inc\stm32f1xx_hal_conf.h
2025-09-22 14:46:16,708 [INFO] CodeEngine:239 - oldGeneratedFile, D:\251\vxl\gitlab1\code\lab1\Core\Inc\main.h_save
2025-09-22 14:46:16,817 [INFO] CodeEngine:257 - Generated code: D:\251\vxl\gitlab1\code\lab1\Core\Inc\main.h
2025-09-22 14:46:16,833 [INFO] CodeEngine:239 - oldGeneratedFile, D:\251\vxl\gitlab1\code\lab1\Core\Src\main.c_save
2025-09-22 14:46:16,974 [INFO] CodeEngine:257 - Generated code: D:\251\vxl\gitlab1\code\lab1\Core\Src\main.c
2025-09-22 14:46:17,916 [INFO] ProjectBuilder:2578 - Time for Copy HAL[1] : 187mS.
2025-09-22 14:46:17,932 [INFO] ProjectBuilder:3622 - Project Generator version: 3.14.1
2025-09-22 14:46:18,377 [INFO] ConfigFileManager:1271 - The Die is : DIE412
2025-09-22 14:46:18,393 [INFO] ApiDbMcu:468 - Load IP Config File for FATFS
2025-09-22 14:46:18,430 [INFO] ApiDbMcu:468 - Load IP Config File for FREERTOS
2025-09-22 14:46:18,461 [INFO] ApiDbMcu:468 - Load IP Config File for USB_DEVICE
2025-09-22 14:46:21,001 [INFO] ProjectBuilder:3789 - Time for Generating toolchain IDE Files: 3069mS.
2025-09-22 14:46:21,001 [INFO] ProjectBuilder:2457 - Time for Copy CMSIS : 0mS.
2025-09-22 14:46:21,001 [INFO] ProjectBuilder:2457 - Time for Copy CMSIS : 0mS.
2025-09-22 14:46:21,506 [INFO] McuFinderGlobals:52 - Set McuFinderConnectedMode to true
2025-09-22 14:46:21,506 [INFO] ApiDb:276 - Save user favorites file C:\Users\DELL/.stm32cubeide/favorites.mcus.txt: 0 item(s)
2025-09-22 14:46:21,506 [INFO] ApiDb:280 - User favorites MCUs=[]
2025-09-22 14:48:02,479 [INFO] UtilMem:74 - End SaveConfig() Used Memory: 1036058928 Bytes (1054867456)
2025-09-22 14:48:04,267 [INFO] UtilMem:74 - End SaveConfig() Used Memory: 1025869096 Bytes (1054867456)
2025-09-22 14:48:06,789 [INFO] UtilMem:74 - End SaveConfig() Used Memory: 846745016 Bytes (1073741824)
2025-09-22 14:48:07,081 [INFO] BlockDiagram:2740 - set Specific Code input for plugin: NVIC
2025-09-22 14:48:07,081 [INFO] BlockDiagram:2740 - set Specific Code input for plugin: SYS
2025-09-22 14:48:07,081 [INFO] BlockDiagram:2740 - set Specific Code input for plugin: GPIO
2025-09-22 14:48:07,081 [INFO] BlockDiagram:2740 - set Specific Code input for plugin: RCC
2025-09-22 14:48:07,083 [INFO] CodeGenerator:663 - code generatio: config db path: D:\251\vxl\cube\STM32CubeIDE_1.7.0\STM32CubeIDE\plugins\com.st.stm32cube.common.mx_6.3.0.202107141111\\db\
2025-09-22 14:48:07,343 [INFO] CodeEngine:239 - oldGeneratedFile, D:\251\vxl\gitlab1\code\lab1\MXTmpFiles\license.tmp_save
2025-09-22 14:48:07,455 [INFO] CodeEngine:257 - Generated code: D:\251\vxl\gitlab1\code\lab1\MXTmpFiles\license.tmp
2025-09-22 14:48:07,502 [INFO] CodeEngine:239 - oldGeneratedFile, D:\251\vxl\gitlab1\code\lab1\MXTmpFiles\gpio.tmp_save
2025-09-22 14:48:07,592 [INFO] CodeEngine:257 - Generated code: D:\251\vxl\gitlab1\code\lab1\MXTmpFiles\gpio.tmp
2025-09-22 14:48:07,625 [INFO] CodeEngine:239 - oldGeneratedFile, D:\251\vxl\gitlab1\code\lab1\Core\Src\stm32f1xx_it.c_save
2025-09-22 14:48:07,760 [INFO] CodeEngine:257 - Generated code: D:\251\vxl\gitlab1\code\lab1\Core\Src\stm32f1xx_it.c
2025-09-22 14:48:07,770 [INFO] CodeEngine:239 - oldGeneratedFile, D:\251\vxl\gitlab1\code\lab1\Core\Inc\stm32f1xx_it.h_save
2025-09-22 14:48:07,846 [INFO] CodeEngine:257 - Generated code: D:\251\vxl\gitlab1\code\lab1\Core\Inc\stm32f1xx_it.h
2025-09-22 14:48:07,875 [INFO] CodeEngine:239 - oldGeneratedFile, D:\251\vxl\gitlab1\code\lab1\Core\Src\stm32f1xx_hal_msp.c_save
2025-09-22 14:48:08,005 [INFO] CodeEngine:257 - Generated code: D:\251\vxl\gitlab1\code\lab1\Core\Src\stm32f1xx_hal_msp.c
2025-09-22 14:48:08,013 [INFO] CodeEngine:239 - oldGeneratedFile, D:\251\vxl\gitlab1\code\lab1\MXTmpFiles\system.tmp_save
2025-09-22 14:48:08,099 [INFO] CodeEngine:257 - Generated code: D:\251\vxl\gitlab1\code\lab1\MXTmpFiles\system.tmp
2025-09-22 14:48:08,125 [INFO] CodeEngine:239 - oldGeneratedFile, D:\251\vxl\gitlab1\code\lab1\Core\Inc\stm32f1xx_hal_conf.h_save
2025-09-22 14:48:08,292 [INFO] CodeEngine:257 - Generated code: D:\251\vxl\gitlab1\code\lab1\Core\Inc\stm32f1xx_hal_conf.h
2025-09-22 14:48:08,345 [INFO] CodeEngine:239 - oldGeneratedFile, D:\251\vxl\gitlab1\code\lab1\Core\Inc\main.h_save
2025-09-22 14:48:08,464 [INFO] CodeEngine:257 - Generated code: D:\251\vxl\gitlab1\code\lab1\Core\Inc\main.h
2025-09-22 14:48:08,484 [INFO] CodeEngine:239 - oldGeneratedFile, D:\251\vxl\gitlab1\code\lab1\Core\Src\main.c_save
2025-09-22 14:48:08,639 [INFO] CodeEngine:257 - Generated code: D:\251\vxl\gitlab1\code\lab1\Core\Src\main.c
2025-09-22 14:48:10,496 [INFO] ProjectBuilder:2578 - Time for Copy HAL[1] : 794mS.
2025-09-22 14:48:10,504 [INFO] ProjectBuilder:3622 - Project Generator version: 3.14.1
2025-09-22 14:48:10,916 [INFO] ConfigFileManager:1271 - The Die is : DIE412
2025-09-22 14:48:12,903 [INFO] ProjectBuilder:3789 - Time for Generating toolchain IDE Files: 2399mS.
2025-09-22 14:48:12,906 [INFO] ProjectBuilder:2457 - Time for Copy CMSIS : 2mS.
2025-09-22 14:48:12,913 [INFO] ProjectBuilder:2457 - Time for Copy CMSIS : 0mS.
2025-09-22 14:51:32,765 [INFO] UtilMem:74 - End SaveConfig() Used Memory: 960087608 Bytes (1073741824)
2025-09-22 14:51:34,426 [INFO] UtilMem:74 - End SaveConfig() Used Memory: 923551888 Bytes (1073741824)
2025-09-22 14:51:37,614 [INFO] UtilMem:74 - End SaveConfig() Used Memory: 925478936 Bytes (1073741824)
2025-09-22 14:51:38,058 [INFO] BlockDiagram:2740 - set Specific Code input for plugin: NVIC
2025-09-22 14:51:38,058 [INFO] BlockDiagram:2740 - set Specific Code input for plugin: SYS
2025-09-22 14:51:38,058 [INFO] BlockDiagram:2740 - set Specific Code input for plugin: GPIO
2025-09-22 14:51:38,058 [INFO] BlockDiagram:2740 - set Specific Code input for plugin: RCC
2025-09-22 14:51:38,058 [INFO] CodeGenerator:663 - code generatio: config db path: D:\251\vxl\cube\STM32CubeIDE_1.7.0\STM32CubeIDE\plugins\com.st.stm32cube.common.mx_6.3.0.202107141111\\db\
2025-09-22 14:51:38,298 [INFO] CodeEngine:239 - oldGeneratedFile, D:\251\vxl\gitlab1\code\lab1\MXTmpFiles\license.tmp_save
2025-09-22 14:51:38,434 [INFO] CodeEngine:257 - Generated code: D:\251\vxl\gitlab1\code\lab1\MXTmpFiles\license.tmp
2025-09-22 14:51:38,465 [INFO] CodeEngine:239 - oldGeneratedFile, D:\251\vxl\gitlab1\code\lab1\MXTmpFiles\gpio.tmp_save
2025-09-22 14:51:38,590 [INFO] CodeEngine:257 - Generated code: D:\251\vxl\gitlab1\code\lab1\MXTmpFiles\gpio.tmp
2025-09-22 14:51:38,637 [INFO] CodeEngine:239 - oldGeneratedFile, D:\251\vxl\gitlab1\code\lab1\Core\Src\stm32f1xx_it.c_save
2025-09-22 14:51:38,746 [INFO] CodeEngine:257 - Generated code: D:\251\vxl\gitlab1\code\lab1\Core\Src\stm32f1xx_it.c
2025-09-22 14:51:38,762 [INFO] CodeEngine:239 - oldGeneratedFile, D:\251\vxl\gitlab1\code\lab1\Core\Inc\stm32f1xx_it.h_save
2025-09-22 14:51:38,877 [INFO] CodeEngine:257 - Generated code: D:\251\vxl\gitlab1\code\lab1\Core\Inc\stm32f1xx_it.h
2025-09-22 14:51:38,908 [INFO] CodeEngine:239 - oldGeneratedFile, D:\251\vxl\gitlab1\code\lab1\Core\Src\stm32f1xx_hal_msp.c_save
2025-09-22 14:51:39,027 [INFO] CodeEngine:257 - Generated code: D:\251\vxl\gitlab1\code\lab1\Core\Src\stm32f1xx_hal_msp.c
2025-09-22 14:51:39,027 [INFO] CodeEngine:239 - oldGeneratedFile, D:\251\vxl\gitlab1\code\lab1\MXTmpFiles\system.tmp_save
2025-09-22 14:51:39,136 [INFO] CodeEngine:257 - Generated code: D:\251\vxl\gitlab1\code\lab1\MXTmpFiles\system.tmp
2025-09-22 14:51:39,167 [INFO] CodeEngine:239 - oldGeneratedFile, D:\251\vxl\gitlab1\code\lab1\Core\Inc\stm32f1xx_hal_conf.h_save
2025-09-22 14:51:39,334 [INFO] CodeEngine:257 - Generated code: D:\251\vxl\gitlab1\code\lab1\Core\Inc\stm32f1xx_hal_conf.h
2025-09-22 14:51:39,381 [INFO] CodeEngine:239 - oldGeneratedFile, D:\251\vxl\gitlab1\code\lab1\Core\Inc\main.h_save
2025-09-22 14:51:39,474 [INFO] CodeEngine:257 - Generated code: D:\251\vxl\gitlab1\code\lab1\Core\Inc\main.h
2025-09-22 14:51:39,490 [INFO] CodeEngine:239 - oldGeneratedFile, D:\251\vxl\gitlab1\code\lab1\Core\Src\main.c_save
2025-09-22 14:51:39,620 [INFO] CodeEngine:257 - Generated code: D:\251\vxl\gitlab1\code\lab1\Core\Src\main.c
2025-09-22 14:51:41,606 [INFO] ProjectBuilder:2578 - Time for Copy HAL[1] : 836mS.
2025-09-22 14:51:41,614 [INFO] ProjectBuilder:3622 - Project Generator version: 3.14.1
2025-09-22 14:51:42,041 [INFO] ConfigFileManager:1271 - The Die is : DIE412
2025-09-22 14:51:44,301 [INFO] ProjectBuilder:3789 - Time for Generating toolchain IDE Files: 2687mS.
2025-09-22 14:51:44,304 [INFO] ProjectBuilder:2457 - Time for Copy CMSIS : 2mS.
2025-09-22 14:51:44,312 [INFO] ProjectBuilder:2457 - Time for Copy CMSIS : 0mS.
